stm32f1xx_hal_msp.c:65:6:HAL_MspInit	8	static
stm32f1xx_hal_msp.c:91:6:HAL_ADC_MspInit	32	static
stm32f1xx_hal_msp.c:123:6:HAL_ADC_MspDeInit	0	static
stm32f1xx_hal_msp.c:151:6:HAL_TIM_IC_MspInit	32	static
stm32f1xx_hal_msp.c:185:6:HAL_TIM_Base_MspInit	16	static
stm32f1xx_hal_msp.c:224:6:HAL_TIM_PWM_MspInit	16	static
stm32f1xx_hal_msp.c:243:6:HAL_TIM_MspPostInit	32	static
stm32f1xx_hal_msp.c:276:6:HAL_TIM_IC_MspDeInit	0	static
stm32f1xx_hal_msp.c:305:6:HAL_TIM_Base_MspDeInit	0	static
stm32f1xx_hal_msp.c:344:6:HAL_TIM_PWM_MspDeInit	0	static
stm32f1xx_hal_msp.c:369:6:HAL_UART_MspInit	32	static
stm32f1xx_hal_msp.c:403:6:HAL_UART_MspDeInit	0	static
