main.c:113:1:__io_putchar	16	static
main.c:121:6:Uart_Tx_Byte	24	static
main.c:298:6:HAL_TIM_PeriodElapsedCallback	16	static
main.c:413:5:main	24	static
main.c:569:6:SystemClock_Config	88	static
main.c:614:13:MX_ADC1_Init	24	static
main.c:659:13:MX_TIM1_Init	32	static
main.c:712:13:MX_TIM2_Init	32	static
main.c:757:13:MX_TIM3_Init	32	static
main.c:802:13:MX_TIM4_Init	48	static
main.c:863:13:MX_USART2_UART_Init	8	static
main.c:896:13:MX_GPIO_Init	40	static
main.c:958:6:Error_Handler	4	static,ignoring_inline_asm
